MPLINK 5.09, LINKER
Linker Map File - Created Sun Jan 24 16:45:08 2021

                                 Section Info
                  Section       Type    Address   Location Size(Bytes)
                ---------  ---------  ---------  ---------  ---------
                   .org_0       code   0x000000    program   0x000002
                   .cinit    romdata   0x000001    program   0x000004
                   .org_1       code   0x000005    program   0x000024
.config_2007_BUILD/DEFAULT/PRODUCTION/TP3EX1.       code   0x002007    program   0x000002



                              Program Memory Usage 
                               Start         End      
                           ---------   ---------      
                            0x000000    0x000002      
                            0x000005    0x000016      
                            0x002007    0x002007      
            22 out of 8455 program addresses used, program memory utilization is 0%



                              Symbols - Sorted by Name
                     Name    Address   Location    Storage File                     
                ---------  ---------  ---------  --------- ---------                
                     LOOP   0x000010    program     static D:\Sem_7\Micro_processeur_I\TP\MP\MP3\Tp3Ex1.X\Tp3Ex1.asm
                    LOOP1   0x000011    program     static D:\Sem_7\Micro_processeur_I\TP\MP\MP3\Tp3Ex1.X\Tp3Ex1.asm
                    start   0x000005    program     static D:\Sem_7\Micro_processeur_I\TP\MP\MP3\Tp3Ex1.X\Tp3Ex1.asm



                              Symbols - Sorted by Address
                     Name    Address   Location    Storage File                     
                ---------  ---------  ---------  --------- ---------                
                    start   0x000005    program     static D:\Sem_7\Micro_processeur_I\TP\MP\MP3\Tp3Ex1.X\Tp3Ex1.asm
                     LOOP   0x000010    program     static D:\Sem_7\Micro_processeur_I\TP\MP\MP3\Tp3Ex1.X\Tp3Ex1.asm
                    LOOP1   0x000011    program     static D:\Sem_7\Micro_processeur_I\TP\MP\MP3\Tp3Ex1.X\Tp3Ex1.asm


