MPLINK 5.09, LINKER
Linker Map File - Created Sun Jan 24 23:26:35 2021

                                 Section Info
                  Section       Type    Address   Location Size(Bytes)
                ---------  ---------  ---------  ---------  ---------
                   .org_0       code   0x000000    program   0x000002
                   .cinit    romdata   0x000001    program   0x000004
                   .org_1       code   0x000004    program   0x000002
                   .org_2       code   0x000005    program   0x000070
.config_2007_BUILD/DEFAULT/PRODUCTION/EX5.O       code   0x002007    program   0x000002



                              Program Memory Usage 
                               Start         End      
                           ---------   ---------      
                            0x000000    0x000002      
                            0x000004    0x00003c      
                            0x002007    0x002007      
            61 out of 8455 program addresses used, program memory utilization is 0%



                              Symbols - Sorted by Name
                     Name    Address   Location    Storage File                     
                ---------  ---------  ---------  --------- ---------                
                  CONVERT   0x000032    program     static D:\Sem_7\Micro_processeur_I\TP\MP\MP3\New folder\EX5.X\EX5.asm
                 INTERUPT   0x000022    program     static D:\Sem_7\Micro_processeur_I\TP\MP\MP3\New folder\EX5.X\EX5.asm
                     LOOP   0x00001b    program     static D:\Sem_7\Micro_processeur_I\TP\MP\MP3\New folder\EX5.X\EX5.asm
                    LOOP1   0x00001c    program     static D:\Sem_7\Micro_processeur_I\TP\MP\MP3\New folder\EX5.X\EX5.asm
                    start   0x000005    program     static D:\Sem_7\Micro_processeur_I\TP\MP\MP3\New folder\EX5.X\EX5.asm



                              Symbols - Sorted by Address
                     Name    Address   Location    Storage File                     
                ---------  ---------  ---------  --------- ---------                
                    start   0x000005    program     static D:\Sem_7\Micro_processeur_I\TP\MP\MP3\New folder\EX5.X\EX5.asm
                     LOOP   0x00001b    program     static D:\Sem_7\Micro_processeur_I\TP\MP\MP3\New folder\EX5.X\EX5.asm
                    LOOP1   0x00001c    program     static D:\Sem_7\Micro_processeur_I\TP\MP\MP3\New folder\EX5.X\EX5.asm
                 INTERUPT   0x000022    program     static D:\Sem_7\Micro_processeur_I\TP\MP\MP3\New folder\EX5.X\EX5.asm
                  CONVERT   0x000032    program     static D:\Sem_7\Micro_processeur_I\TP\MP\MP3\New folder\EX5.X\EX5.asm


